*** EVALUATION ***
PROGRAM "Excercise4.abs"

*********************************************************************************************
TARGET SECTION
---------------------------------------------------------------------------------------------
Processor   : Freescale HC08
Memory Model: SMALL
File Format : ELF\DWARF 2.0
Linker      : SmartLinker V-5.0.51 Build 14019, Jan 20 2014

*********************************************************************************************
FILE SECTION
---------------------------------------------------------------------------------------------
main_asm.obj                            Model: SMALL,         Lang: Assembler

*********************************************************************************************
STARTUP SECTION
---------------------------------------------------------------------------------------------
Entry point: 0x1960 (_Startup)

*********************************************************************************************
SECTION-ALLOCATION SECTION
Section Name                    Size  Type     From       To       Segment
---------------------------------------------------------------------------------------------
.init                             83     R     0x1960     0x19B2   ROM
DATEN_STACK                       96   R/W      0x100      0x15F   RAM
.stack                           128   R/W      0x160      0x1DF   RAM
.vectSeg0_vect                     2     R     0xFFFE     0xFFFF   .vectSeg0

Summary of section sizes per section type:
READ_ONLY (R):          55 (dec:       85)
READ_WRITE (R/W):       E0 (dec:      224)

*********************************************************************************************
VECTOR-ALLOCATION SECTION
    Address     InitValue   InitFunction
---------------------------------------------------------------------------------------------
     0xFFFE        0x1960   _Startup

*********************************************************************************************
OBJECT-ALLOCATION SECTION
     Name               Module                 Addr   hSize   dSize     Ref    Section   RLIB
---------------------------------------------------------------------------------------------
MODULE:                 -- main_asm.obj --
- PROCEDURES:
     _Startup                                  1960       F      15       0   .init       
     main                                      196F      19      25       0   .init       
     Loop1                                     1988       D      13       0   .init       
     Aufgabe2                                  1995       8       8       1   .init       
     Loop2                                     199D      13      19       0   .init       
     dummy                                     19B0       3       3       0   .init       
- VARIABLES:
     TofStack                                   100      5F      95       0   DATEN_STACK 
     BofStack                                   15F       1       1       1   DATEN_STACK 

*********************************************************************************************
MODULE STATISTIC
  Name                                      Data   Code  Const
---------------------------------------------------------------------------------------------
  main_asm.obj                                96     83      0
  other                                      128      2      0

*********************************************************************************************
SECTION USE IN OBJECT-ALLOCATION SECTION
---------------------------------------------------------------------------------------------
SECTION: ".init"
  _Startup main Loop1 Aufgabe2 Loop2 dummy 
SECTION: "DATEN_STACK"
  TofStack BofStack 

*********************************************************************************************
OBJECT LIST SORTED BY ADDRESS
     Name                                      Addr   hSize   dSize     Ref    Section   RLIB
---------------------------------------------------------------------------------------------
     TofStack                                   100      5F      95       0   DATEN_STACK 
     BofStack                                   15F       1       1       1   DATEN_STACK 
     _Startup                                  1960       F      15       0   .init       
     main                                      196F      19      25       0   .init       
     Loop1                                     1988       D      13       0   .init       
     Aufgabe2                                  1995       8       8       1   .init       
     Loop2                                     199D      13      19       0   .init       
     dummy                                     19B0       3       3       0   .init       

*********************************************************************************************
UNUSED-OBJECTS SECTION
---------------------------------------------------------------------------------------------
NOT USED VARIABLES
main_asm.obj:
  Variable1 Array1 Maske1 Parameter1 Parameter2 Reserve_Par STRING1 

*********************************************************************************************
COPYDOWN SECTION
---------------------------------------------------------------------------------------------

*********************************************************************************************
OBJECT-DEPENDENCIES SECTION
---------------------------------------------------------------------------------------------
_Startup                  USES BofStack 
main                      USES Aufgabe2 

*********************************************************************************************
DEPENDENCY TREE
*********************************************************************************************
 main and _Startup Group
 | 
 +- main                
 |  | 
 |  +- Aufgabe2            
 |       
 +- _Startup            
      
*********************************************************************************************
STATISTIC SECTION
---------------------------------------------------------------------------------------------

ExeFile:
--------
Number of blocks to be downloaded: 2
Total size of all blocks to be downloaded: 85

